Bad command
Bad command
Bad command
alarm> alarm> alarm> alarm> 