alarm> Main Thread Received Alarm Request Number: (1) Alarm Request: <Good Morning> 
alarm> 